// Jest Snapshot v1, https://goo.gl/fbAQLP

exports[`PokemonOptions component Debe hacer match con el snapshot 1`] = `
<div class="options-container">
  <ul>
    <li>
      <!-- Puede recibir dos argumentos (el primero es obligatorio), el 2ยบ es opcinal -->bulbasaur
    </li>
    <li>
      <!-- Puede recibir dos argumentos (el primero es obligatorio), el 2ยบ es opcinal -->ivysaur
    </li>
    <li>
      <!-- Puede recibir dos argumentos (el primero es obligatorio), el 2ยบ es opcinal -->venusaur
    </li>
    <li>
      <!-- Puede recibir dos argumentos (el primero es obligatorio), el 2ยบ es opcinal -->charmander
    </li>
  </ul>
</div>
`;
