// Jest Snapshot v1, https://goo.gl/fbAQLP

exports[`Counter Component Debe hacer match con el snapshot 1`] = `
<!-- Si title es undefined se muestra la opción -->
<h2>Counter</h2>
<p>100 <sup>2</sup>= 10000</p>
<!-- Estos párrafos se han usando para conocer el comportamiento de computed 
  <p>{{ counter }} <sup>2</sup>= {{ squareCounter }}</p>
  <p>{{ counter }} <sup>2</sup>= {{ squareCounter }}</p>
  <p>{{ counter }} <sup>2</sup>= {{ squareCounter }}</p>
  <p>{{ counter }} <sup>2</sup>= {{ squareCounter }}</p>
  <p>{{ counter }} <sup>2</sup>= {{ squareCounter }}</p> -->
<div><button>+1</button><button>-1</button></div>
`;
