// Jest Snapshot v1, https://goo.gl/fbAQLP

exports[`Pokemon Page Component Debe hacer match con el snapshot cuando cargan los pokemons 1`] = `
<div>
  <h1>¿Quién es este pokémon</h1>
  <pokemon-picture-stub pokemonid="1" showpokemon="false"></pokemon-picture-stub>
  <pokemon-options-stub pokemons="[object Object],[object Object],[object Object],[object Object]"></pokemon-options-stub>
  <!--Estar escuchando el evento click de PokemonOptions llamado selection, el event es el valor que está emitiendo el selection desde PokemonOptions. Si como es en este caso, sólo se recibe un argumento/parámetro, no es necesario escribirlo, estaría implícito, automaticamente la funcion lo recibe-->
  <!--v-if-->
</div>
`;

exports[`Pokemon Page Component Debe hacer math con el snapshot 1`] = `<h1>Espere por favor.....</h1>`;
